
> @airtrainr/web@0.1.0 build C:\Users\Vikram Gondane\OneDrive\Desktop\Asmit\Asmit\Asmit\AirTriner\apps\web
> next build

node.exe : ΓÜá Found 
lockfile missing swc 
dependencies, 
patching...
At C:\Users\Vikram Gon
dane\AppData\Roaming\n
pm\pnpm.ps1:24 char:5
+     & "node$exe"  "$
basedir/node_modules/p
npm/bin/pnpm.cjs" 
$args
+     ~~~~~~~~~~~~~~~~
~~~~~~~~~~~~~~~~~~~~~~
~~~~~~~~~~~~~~~~~~~~~~
~
    + CategoryInfo    
          : NotSpeci  
  fied: (ΓÜá Found    
 lockf...es, patch    
ing...:String) []    
, RemoteException
    + FullyQualifiedE 
   rrorId : NativeCo  
  mmandError
 
npm warn Unknown env 
config 
"npm-globalconfig". 
This will stop 
working in the next 
major version of npm.
npm warn Unknown env 
config "recursive". 
This will stop 
working in the next 
major version of npm.
npm warn Unknown env 
config "verify-deps-be
fore-run". This will 
stop working in the 
next major version of 
npm.
npm warn Unknown env 
config 
"_jsr-registry". This 
will stop working in 
the next major 
version of npm.
ΓÜá Warning: Next.js 
inferred your 
workspace root, but 
it may not be correct.
 We detected multiple 
lockfiles and 
selected the 
directory of 
C:\Users\Vikram Gondan
e\OneDrive\Desktop\Asm
it\Asmit\Asmit\AirTrin
er\pnpm-lock.yaml as 
the root directory.
 To silence this 
warning, set 
`turbopack.root` in 
your Next.js config, 
or consider removing 
one of the lockfiles 
if it's not needed.
   See https://nextjs.
org/docs/app/api-refer
ence/config/next-confi
g-js/turbopack#root-di
rectory for more 
information.
 Detected additional 
lockfiles: 
   * C:\Users\Vikram G
ondane\OneDrive\Deskto
p\Asmit\Asmit\Asmit\Ai
rTriner\apps\web\packa
ge-lock.json

Γû▓ Next.js 16.1.6 (Turbopack)
- Environments: .env

  Creating an optimized production build ...
ΓÜá Found lockfile 
missing swc 
dependencies, 
patching...
npm warn Unknown env 
config 
"npm-globalconfig". 
This will stop 
working in the next 
major version of npm.
npm warn Unknown env 
config "recursive". 
This will stop 
working in the next 
major version of npm.
npm warn Unknown env 
config "verify-deps-be
fore-run". This will 
stop working in the 
next major version of 
npm.
npm warn Unknown env 
config 
"_jsr-registry". This 
will stop working in 
the next major 
version of npm.
ΓÜá Lockfile was 
successfully patched, 
please run "npm 
install" to ensure 
@next/swc 
dependencies are 
downloaded
ΓÜá Lockfile was 
successfully patched, 
please run "npm 
install" to ensure 
@next/swc 
dependencies are 
downloaded
Γ£ô Compiled successfully in 7.5s
  Running TypeScript ...
  Collecting page data using 15 workers ...
  Generating static pages using 15 workers (0/27) ...
  Generating static pages using 15 workers (6/27) 
  Generating static pages using 15 workers (13/27) 
  Generating static pages using 15 workers (20/27) 
Γ£ô Generating static pages using 15 workers (27/27) in 457.9ms
  Finalizing page optimization ...

Route (app)
Γöî Γùï /
Γö£ Γùï /_not-found
Γö£ Γùï /admin
Γö£ Γùï /admin/athletes
Γö£ Γùï /admin/bookings
Γö£ Γùï /admin/disputes
Γö£ Γùï /admin/payments
Γö£ Γùï /admin/settings
Γö£ Γùï /admin/sports
Γö£ Γùï /admin/subscriptions
Γö£ Γùï /admin/trainers
Γö£ Γùï /auth/login
Γö£ Γùï /auth/register
Γö£ Γùï /dashboard
Γö£ Γùï /dashboard/availability
Γö£ Γùï /dashboard/bookings
Γö£ Γùï /dashboard/earnings
Γö£ Γùï /dashboard/messages
Γö£ Γùï /dashboard/notifications
Γö£ Γùï /dashboard/profile
Γö£ Γùï /dashboard/reviews
Γö£ Γùï /dashboard/search
Γö£ Γùï /dashboard/sub-accounts
Γö£ ╞Æ /dashboard/trainer/[id]
Γö£ Γùï /dashboard/trainer/offers
Γö£ Γùï /dashboard/trainer/setup
Γöö ╞Æ /dashboard/trainers/[id]


Γùï  (Static)   prerendered as static content
╞Æ  (Dynamic)  server-rendered on demand

